This will get substituted: substituted in txt file
This will get substituted: substituted
